Archive member included because of file (symbol)

/cygdrive/c/winIDEA/2007/gcc/arm/bin/../lib/gcc/arm-elf/4.0.2/libgcc.a(_divsi3.o)
                              Z:\vs\Harvard_Tseng\uart\project\gpio.o (__divsi3)
/cygdrive/c/winIDEA/2007/gcc/arm/bin/../lib/gcc/arm-elf/4.0.2/libgcc.a(_dvmd_tls.o)
                              /cygdrive/c/winIDEA/2007/gcc/arm/bin/../lib/gcc/arm-elf/4.0.2/libgcc.a(_divsi3.o) (__div0)

Allocating common symbols
Common symbol       size              file

i2c1_buf            0x4               Z:\vs\Harvard_Tseng\uart\project\i2c.o
i2c0_num_of_bytes   0x4               Z:\vs\Harvard_Tseng\uart\project\i2c.o
i2c0_rxslv_end      0x4               Z:\vs\Harvard_Tseng\uart\project\i2c.o
i2c1_rxslv_end      0x4               Z:\vs\Harvard_Tseng\uart\project\i2c.o
i2c0_status         0x4               Z:\vs\Harvard_Tseng\uart\project\i2c.o
i2c0_rxslv_begin    0x4               Z:\vs\Harvard_Tseng\uart\project\i2c.o
i2c0_buf            0x4               Z:\vs\Harvard_Tseng\uart\project\i2c.o
i2c1_status         0x4               Z:\vs\Harvard_Tseng\uart\project\i2c.o
i2c0_rxslv          0x14              Z:\vs\Harvard_Tseng\uart\project\i2c.o
i2c1_txslv          0x4               Z:\vs\Harvard_Tseng\uart\project\i2c.o
i2c1_address_rw     0x4               Z:\vs\Harvard_Tseng\uart\project\i2c.o
i2c1_num_of_bytes   0x4               Z:\vs\Harvard_Tseng\uart\project\i2c.o
line_status         0x1               Z:\vs\Harvard_Tseng\uart\project\main.o
sch_tst             0x4               Z:\vs\Harvard_Tseng\uart\project\rtos.o
i2c1_rxslv          0x14              Z:\vs\Harvard_Tseng\uart\project\i2c.o
slice_quantum       0x4               Z:\vs\Harvard_Tseng\uart\project\rtos.o
i2c0_address_rw     0x4               Z:\vs\Harvard_Tseng\uart\project\i2c.o
i2c1_rxslv_begin    0x4               Z:\vs\Harvard_Tseng\uart\project\i2c.o
sch_idx             0x4               Z:\vs\Harvard_Tseng\uart\project\rtos.o
i2c0_txslv          0x4               Z:\vs\Harvard_Tseng\uart\project\i2c.o

Memory Configuration

Name             Origin             Length             Attributes
code             0x00000000         0x0007d000         xr
data             0x40000040         0x00007fc0         rw
*default*        0x00000000         0xffffffff

Linker script and memory map

LOAD Z:\vs\Harvard_Tseng\uart\project\crt0.o
LOAD Z:\vs\Harvard_Tseng\uart\project\startup.o
LOAD Z:\vs\Harvard_Tseng\uart\project\interrupts.o
LOAD Z:\vs\Harvard_Tseng\uart\project\main.o
LOAD Z:\vs\Harvard_Tseng\uart\project\vpbdiv.o
LOAD Z:\vs\Harvard_Tseng\uart\project\extint.o
LOAD Z:\vs\Harvard_Tseng\uart\project\gpio.o
LOAD Z:\vs\Harvard_Tseng\uart\project\init.o
LOAD Z:\vs\Harvard_Tseng\uart\project\mam.o
LOAD Z:\vs\Harvard_Tseng\uart\project\pll.o
LOAD Z:\vs\Harvard_Tseng\uart\project\timer.o
LOAD Z:\vs\Harvard_Tseng\uart\project\vic.o
LOAD Z:\vs\Harvard_Tseng\uart\project\rtos_tasks.o
LOAD Z:\vs\Harvard_Tseng\uart\project\rtos.o
LOAD Z:\vs\Harvard_Tseng\uart\project\i2c.o
LOAD Z:\vs\Harvard_Tseng\uart\project\uart.o

.text           0x00000000      0x140
 *crt0.o(.text)
 .text          0x00000000      0x140 Z:\vs\Harvard_Tseng\uart\project\crt0.o
                0x00000140                . = ALIGN (0x4)

.rodata         0x00000140       0xb4
 *(.rodata)
 .rodata        0x00000140       0x14 Z:\vs\Harvard_Tseng\uart\project\main.o
 .rodata        0x00000154       0x10 Z:\vs\Harvard_Tseng\uart\project\gpio.o
 .rodata        0x00000164       0x90 Z:\vs\Harvard_Tseng\uart\project\rtos.o
                0x000001f4                . = ALIGN (0x4)
                0x000001f4                _etext = .
                0x000001f4                PROVIDE (etext, .)
                0x000001f4                _codesrc = .

.code           0x40000040     0x37d0 load address 0x000001f4
                0x40000040                _code = .
 *interrupts.o(.text)
 .text          0x40000040       0xa8 Z:\vs\Harvard_Tseng\uart\project\interrupts.o
                0x40000054                swi
                0x400000c4                fiq
                0x4000007c                data_abt
                0x40000090                irq
                0x40000040                und
                0x40000068                pref_abt
 *(.text)
 .text          0x400000e8       0xe4 Z:\vs\Harvard_Tseng\uart\project\startup.o
                0x400000e8                start_up
 .text          0x400001cc      0x22c Z:\vs\Harvard_Tseng\uart\project\main.o
                0x400001cc                main
                0x40000344                str2lcd
 .text          0x400003f8       0x2c Z:\vs\Harvard_Tseng\uart\project\vpbdiv.o
                0x400003f8                set_vpbdiv
 .text          0x40000424      0x238 Z:\vs\Harvard_Tseng\uart\project\extint.o
                0x40000424                extint_init
 .text          0x4000065c      0x80c Z:\vs\Harvard_Tseng\uart\project\gpio.o
                0x40000838                get_pin_value
                0x40000b68                lcd_write_low
                0x40000a08                busy
                0x400008ac                wait
                0x40000884                get_keys
                0x40000c60                lcd_init
                0x4000065c                set_pin_direction
                0x400007d8                set_pin_value
                0x40000c00                lcd_write_comm
                0x40000bd0                lcd_write_half_comm
                0x40000c28                lcd_write_data
                0x40000af4                lcd_write_high
                0x400008fc                lcd_get_cursor
 .text          0x40000e68       0xa8 Z:\vs\Harvard_Tseng\uart\project\init.o
                0x40000e68                init
 .text          0x40000f10      0x134 Z:\vs\Harvard_Tseng\uart\project\mam.o
                0x40000f10                mam_init
 .text          0x40001044      0x20c Z:\vs\Harvard_Tseng\uart\project\pll.o
                0x40001044                pll_feed
                0x40001070                pll_init
 .text          0x40001250      0x694 Z:\vs\Harvard_Tseng\uart\project\timer.o
                0x40001614                timer1_init
                0x40001250                timer0_init
 .text          0x400018e4      0x928 Z:\vs\Harvard_Tseng\uart\project\vic.o
                0x400018e4                vic_init
 .text          0x4000220c      0x134 Z:\vs\Harvard_Tseng\uart\project\rtos_tasks.o
                0x4000221c                lcd_driver
                0x4000220c                empty_task
 .text          0x40002340      0x380 Z:\vs\Harvard_Tseng\uart\project\rtos.o
                0x40002678                sch_syn
                0x400024e8                sch_on
                0x40002340                enable_irq
                0x40002388                sch_int
                0x40002364                disable_irq
 .text          0x400026c0      0xca8 Z:\vs\Harvard_Tseng\uart\project\i2c.o
                0x40002938                handle_i2c0_state
                0x40002e50                handle_i2c1_state
                0x400027fc                i2c1_init
                0x400026c0                i2c0_init
 .text          0x40003368      0x364 Z:\vs\Harvard_Tseng\uart\project\uart.o
                0x40003500                uart1_init
                0x40003368                uart0_init
 .text          0x400036cc      0x140 /cygdrive/c/winIDEA/2007/gcc/arm/bin/../lib/gcc/arm-elf/4.0.2/libgcc.a(_divsi3.o)
                0x400036cc                __divsi3
                0x400037f4                __aeabi_idivmod
 .text          0x4000380c        0x4 /cygdrive/c/winIDEA/2007/gcc/arm/bin/../lib/gcc/arm-elf/4.0.2/libgcc.a(_dvmd_tls.o)
                0x4000380c                __aeabi_ldiv0
                0x4000380c                __div0
                0x4000380c                __aeabi_idiv0
 *(.glue_7t)
 *(.glue_7)
                0x40003810                . = ALIGN (0x4)
                0x40003810                _ecode = .
                0x000039c4                _datasrc = (_etext + SIZEOF (.code))

.data           0x40003810       0x34 load address 0x000039c4
                0x40003810                _data = .
 *(.data)
 .data          0x40003810       0x34 Z:\vs\Harvard_Tseng\uart\project\rtos_tasks.o
                0x40003810                priv_task
                0x4000381c                lcd_buff
                0x40003814                sch_tab
                0x40003840                lcd_string
                0x40003818                sch_tab_size
                0x40003844                . = ALIGN (0x4)
                0x40003844                _edata = .
                0x40003844                PROVIDE (edata, .)

.bss            0x40003844       0x8c
                0x40003844                _bss = .
 *(.bss)
 .bss           0x40003844        0x1 Z:\vs\Harvard_Tseng\uart\project\main.o
                0x40003844                toggle
 *fill*         0x40003845        0x3 00
 .bss           0x40003848       0x18 Z:\vs\Harvard_Tseng\uart\project\i2c.o
 *(COMMON)
 COMMON         0x40003860        0x1 Z:\vs\Harvard_Tseng\uart\project\main.o
                0x40003860                line_status
 *fill*         0x40003861        0x3 00
 COMMON         0x40003864        0xc Z:\vs\Harvard_Tseng\uart\project\rtos.o
                0x40003864                sch_tst
                0x40003868                slice_quantum
                0x4000386c                sch_idx
 COMMON         0x40003870       0x60 Z:\vs\Harvard_Tseng\uart\project\i2c.o
                0x40003870                i2c1_buf
                0x40003874                i2c0_num_of_bytes
                0x40003878                i2c0_rxslv_end
                0x4000387c                i2c1_rxslv_end
                0x40003880                i2c0_status
                0x40003884                i2c0_rxslv_begin
                0x40003888                i2c0_buf
                0x4000388c                i2c1_status
                0x40003890                i2c0_rxslv
                0x400038a4                i2c1_txslv
                0x400038a8                i2c1_address_rw
                0x400038ac                i2c1_num_of_bytes
                0x400038b0                i2c1_rxslv
                0x400038c4                i2c0_address_rw
                0x400038c8                i2c1_rxslv_begin
                0x400038cc                i2c0_txslv
                0x400038d0                . = ALIGN (0x4)
                0x400038d0                _ebss = .
                0x400038d0                _end = .
                0x400038d0                PROVIDE (end, .)

.stab
 *(.stab)

.stabstr
 *(.stabstr)

.stab.excl
 *(.stab.excl)

.stab.exclstr
 *(.stab.exclstr)

.stab.index
 *(.stab.index)

.stab.indexstr
 *(.stab.indexstr)

.comment        0x00000000      0x10e
 *(.comment)
 .comment       0x00000000       0x12 Z:\vs\Harvard_Tseng\uart\project\startup.o
 .comment       0x00000012       0x12 Z:\vs\Harvard_Tseng\uart\project\interrupts.o
 .comment       0x00000024       0x12 Z:\vs\Harvard_Tseng\uart\project\main.o
 .comment       0x00000036       0x12 Z:\vs\Harvard_Tseng\uart\project\vpbdiv.o
 .comment       0x00000048       0x12 Z:\vs\Harvard_Tseng\uart\project\extint.o
 .comment       0x0000005a       0x12 Z:\vs\Harvard_Tseng\uart\project\gpio.o
 .comment       0x0000006c       0x12 Z:\vs\Harvard_Tseng\uart\project\init.o
 .comment       0x0000007e       0x12 Z:\vs\Harvard_Tseng\uart\project\mam.o
 .comment       0x00000090       0x12 Z:\vs\Harvard_Tseng\uart\project\pll.o
 .comment       0x000000a2       0x12 Z:\vs\Harvard_Tseng\uart\project\timer.o
 .comment       0x000000b4       0x12 Z:\vs\Harvard_Tseng\uart\project\vic.o
 .comment       0x000000c6       0x12 Z:\vs\Harvard_Tseng\uart\project\rtos_tasks.o
 .comment       0x000000d8       0x12 Z:\vs\Harvard_Tseng\uart\project\rtos.o
 .comment       0x000000ea       0x12 Z:\vs\Harvard_Tseng\uart\project\i2c.o
 .comment       0x000000fc       0x12 Z:\vs\Harvard_Tseng\uart\project\uart.o

.debug
 *(.debug)

.line
 *(.line)

.debug_srcinfo
 *(.debug_srcinfo)

.debug_sfnames
 *(.debug_sfnames)

.debug_aranges  0x00000000      0x200
 *(.debug_aranges)
 .debug_aranges
                0x00000000       0x20 Z:\vs\Harvard_Tseng\uart\project\crt0.o
 .debug_aranges
                0x00000020       0x20 Z:\vs\Harvard_Tseng\uart\project\startup.o
 .debug_aranges
                0x00000040       0x20 Z:\vs\Harvard_Tseng\uart\project\interrupts.o
 .debug_aranges
                0x00000060       0x20 Z:\vs\Harvard_Tseng\uart\project\main.o
 .debug_aranges
                0x00000080       0x20 Z:\vs\Harvard_Tseng\uart\project\vpbdiv.o
 .debug_aranges
                0x000000a0       0x20 Z:\vs\Harvard_Tseng\uart\project\extint.o
 .debug_aranges
                0x000000c0       0x20 Z:\vs\Harvard_Tseng\uart\project\gpio.o
 .debug_aranges
                0x000000e0       0x20 Z:\vs\Harvard_Tseng\uart\project\init.o
 .debug_aranges
                0x00000100       0x20 Z:\vs\Harvard_Tseng\uart\project\mam.o
 .debug_aranges
                0x00000120       0x20 Z:\vs\Harvard_Tseng\uart\project\pll.o
 .debug_aranges
                0x00000140       0x20 Z:\vs\Harvard_Tseng\uart\project\timer.o
 .debug_aranges
                0x00000160       0x20 Z:\vs\Harvard_Tseng\uart\project\vic.o
 .debug_aranges
                0x00000180       0x20 Z:\vs\Harvard_Tseng\uart\project\rtos_tasks.o
 .debug_aranges
                0x000001a0       0x20 Z:\vs\Harvard_Tseng\uart\project\rtos.o
 .debug_aranges
                0x000001c0       0x20 Z:\vs\Harvard_Tseng\uart\project\i2c.o
 .debug_aranges
                0x000001e0       0x20 Z:\vs\Harvard_Tseng\uart\project\uart.o

.debug_pubnames
                0x00000000      0x52e
 *(.debug_pubnames)
 .debug_pubnames
                0x00000000       0x1f Z:\vs\Harvard_Tseng\uart\project\startup.o
 .debug_pubnames
                0x0000001f       0x4c Z:\vs\Harvard_Tseng\uart\project\interrupts.o
 .debug_pubnames
                0x0000006b       0x42 Z:\vs\Harvard_Tseng\uart\project\main.o
 .debug_pubnames
                0x000000ad       0x21 Z:\vs\Harvard_Tseng\uart\project\vpbdiv.o
 .debug_pubnames
                0x000000ce       0x22 Z:\vs\Harvard_Tseng\uart\project\extint.o
 .debug_pubnames
                0x000000f0       0xee Z:\vs\Harvard_Tseng\uart\project\gpio.o
 .debug_pubnames
                0x000001de       0x1b Z:\vs\Harvard_Tseng\uart\project\init.o
 .debug_pubnames
                0x000001f9       0x1f Z:\vs\Harvard_Tseng\uart\project\mam.o
 .debug_pubnames
                0x00000218       0x2c Z:\vs\Harvard_Tseng\uart\project\pll.o
 .debug_pubnames
                0x00000244       0x32 Z:\vs\Harvard_Tseng\uart\project\timer.o
 .debug_pubnames
                0x00000276       0x1f Z:\vs\Harvard_Tseng\uart\project\vic.o
 .debug_pubnames
                0x00000295       0x77 Z:\vs\Harvard_Tseng\uart\project\rtos_tasks.o
 .debug_pubnames
                0x0000030c       0x7e Z:\vs\Harvard_Tseng\uart\project\rtos.o
 .debug_pubnames
                0x0000038a      0x174 Z:\vs\Harvard_Tseng\uart\project\i2c.o
 .debug_pubnames
                0x000004fe       0x30 Z:\vs\Harvard_Tseng\uart\project\uart.o

.debug_info     0x00000000     0x1d20
 *(.debug_info .gnu.linkonce.wi.*)
 .debug_info    0x00000000       0x7a Z:\vs\Harvard_Tseng\uart\project\crt0.o
 .debug_info    0x0000007a      0x17e Z:\vs\Harvard_Tseng\uart\project\startup.o
 .debug_info    0x000001f8      0x172 Z:\vs\Harvard_Tseng\uart\project\interrupts.o
 .debug_info    0x0000036a      0x150 Z:\vs\Harvard_Tseng\uart\project\main.o
 .debug_info    0x000004ba      0x126 Z:\vs\Harvard_Tseng\uart\project\vpbdiv.o
 .debug_info    0x000005e0      0x15c Z:\vs\Harvard_Tseng\uart\project\extint.o
 .debug_info    0x0000073c      0x3eb Z:\vs\Harvard_Tseng\uart\project\gpio.o
 .debug_info    0x00000b27      0x17b Z:\vs\Harvard_Tseng\uart\project\init.o
 .debug_info    0x00000ca2      0x127 Z:\vs\Harvard_Tseng\uart\project\mam.o
 .debug_info    0x00000dc9      0x13e Z:\vs\Harvard_Tseng\uart\project\pll.o
 .debug_info    0x00000f07      0x1d6 Z:\vs\Harvard_Tseng\uart\project\timer.o
 .debug_info    0x000010dd      0x1a8 Z:\vs\Harvard_Tseng\uart\project\vic.o
 .debug_info    0x00001285      0x1b3 Z:\vs\Harvard_Tseng\uart\project\rtos_tasks.o
 .debug_info    0x00001438      0x26c Z:\vs\Harvard_Tseng\uart\project\rtos.o
 .debug_info    0x000016a4      0x4c1 Z:\vs\Harvard_Tseng\uart\project\i2c.o
 .debug_info    0x00001b65      0x1bb Z:\vs\Harvard_Tseng\uart\project\uart.o

.debug_abbrev   0x00000000      0x6bb
 *(.debug_abbrev)
 .debug_abbrev  0x00000000       0x14 Z:\vs\Harvard_Tseng\uart\project\crt0.o
 .debug_abbrev  0x00000014       0x43 Z:\vs\Harvard_Tseng\uart\project\startup.o
 .debug_abbrev  0x00000057       0x29 Z:\vs\Harvard_Tseng\uart\project\interrupts.o
 .debug_abbrev  0x00000080       0x96 Z:\vs\Harvard_Tseng\uart\project\main.o
 .debug_abbrev  0x00000116       0x45 Z:\vs\Harvard_Tseng\uart\project\vpbdiv.o
 .debug_abbrev  0x0000015b       0x45 Z:\vs\Harvard_Tseng\uart\project\extint.o
 .debug_abbrev  0x000001a0       0xc9 Z:\vs\Harvard_Tseng\uart\project\gpio.o
 .debug_abbrev  0x00000269       0x54 Z:\vs\Harvard_Tseng\uart\project\init.o
 .debug_abbrev  0x000002bd       0x45 Z:\vs\Harvard_Tseng\uart\project\mam.o
 .debug_abbrev  0x00000302       0x58 Z:\vs\Harvard_Tseng\uart\project\pll.o
 .debug_abbrev  0x0000035a       0x72 Z:\vs\Harvard_Tseng\uart\project\timer.o
 .debug_abbrev  0x000003cc       0x76 Z:\vs\Harvard_Tseng\uart\project\vic.o
 .debug_abbrev  0x00000442       0x9b Z:\vs\Harvard_Tseng\uart\project\rtos_tasks.o
 .debug_abbrev  0x000004dd       0xc2 Z:\vs\Harvard_Tseng\uart\project\rtos.o
 .debug_abbrev  0x0000059f       0xa4 Z:\vs\Harvard_Tseng\uart\project\i2c.o
 .debug_abbrev  0x00000643       0x78 Z:\vs\Harvard_Tseng\uart\project\uart.o

.debug_line     0x00000000      0xb84
 *(.debug_line)
 .debug_line    0x00000000       0x88 Z:\vs\Harvard_Tseng\uart\project\crt0.o
 .debug_line    0x00000088       0x68 Z:\vs\Harvard_Tseng\uart\project\startup.o
 .debug_line    0x000000f0       0xa1 Z:\vs\Harvard_Tseng\uart\project\interrupts.o
 .debug_line    0x00000191       0xa0 Z:\vs\Harvard_Tseng\uart\project\main.o
 .debug_line    0x00000231       0x92 Z:\vs\Harvard_Tseng\uart\project\vpbdiv.o
 .debug_line    0x000002c3       0xa9 Z:\vs\Harvard_Tseng\uart\project\extint.o
 .debug_line    0x0000036c      0x102 Z:\vs\Harvard_Tseng\uart\project\gpio.o
 .debug_line    0x0000046e       0x9b Z:\vs\Harvard_Tseng\uart\project\init.o
 .debug_line    0x00000509       0x96 Z:\vs\Harvard_Tseng\uart\project\mam.o
 .debug_line    0x0000059f       0xab Z:\vs\Harvard_Tseng\uart\project\pll.o
 .debug_line    0x0000064a       0xdb Z:\vs\Harvard_Tseng\uart\project\timer.o
 .debug_line    0x00000725      0x15b Z:\vs\Harvard_Tseng\uart\project\vic.o
 .debug_line    0x00000880       0x9d Z:\vs\Harvard_Tseng\uart\project\rtos_tasks.o
 .debug_line    0x0000091d       0xc5 Z:\vs\Harvard_Tseng\uart\project\rtos.o
 .debug_line    0x000009e2      0x126 Z:\vs\Harvard_Tseng\uart\project\i2c.o
 .debug_line    0x00000b08       0x7c Z:\vs\Harvard_Tseng\uart\project\uart.o

.debug_frame    0x00000000      0x67c
 *(.debug_frame)
 .debug_frame   0x00000000       0x30 Z:\vs\Harvard_Tseng\uart\project\startup.o
 .debug_frame   0x00000030       0xdc Z:\vs\Harvard_Tseng\uart\project\interrupts.o
 .debug_frame   0x0000010c       0x50 Z:\vs\Harvard_Tseng\uart\project\main.o
 .debug_frame   0x0000015c       0x30 Z:\vs\Harvard_Tseng\uart\project\vpbdiv.o
 .debug_frame   0x0000018c       0x30 Z:\vs\Harvard_Tseng\uart\project\extint.o
 .debug_frame   0x000001bc      0x1b0 Z:\vs\Harvard_Tseng\uart\project\gpio.o
 .debug_frame   0x0000036c       0x30 Z:\vs\Harvard_Tseng\uart\project\init.o
 .debug_frame   0x0000039c       0x30 Z:\vs\Harvard_Tseng\uart\project\mam.o
 .debug_frame   0x000003cc       0x50 Z:\vs\Harvard_Tseng\uart\project\pll.o
 .debug_frame   0x0000041c       0x50 Z:\vs\Harvard_Tseng\uart\project\timer.o
 .debug_frame   0x0000046c       0x30 Z:\vs\Harvard_Tseng\uart\project\vic.o
 .debug_frame   0x0000049c       0x50 Z:\vs\Harvard_Tseng\uart\project\rtos_tasks.o
 .debug_frame   0x000004ec       0xb0 Z:\vs\Harvard_Tseng\uart\project\rtos.o
 .debug_frame   0x0000059c       0x90 Z:\vs\Harvard_Tseng\uart\project\i2c.o
 .debug_frame   0x0000062c       0x50 Z:\vs\Harvard_Tseng\uart\project\uart.o

.debug_str      0x00000000       0x5a
 *(.debug_str)
 .debug_str     0x00000000        0x9 Z:\vs\Harvard_Tseng\uart\project\timer.o
 .debug_str     0x00000009       0x1b Z:\vs\Harvard_Tseng\uart\project\i2c.o
 .debug_str     0x00000024       0x36 Z:\vs\Harvard_Tseng\uart\project\uart.o

.debug_loc
 *(.debug_loc)

.debug_macinfo
 *(.debug_macinfo)

.debug_weaknames
 *(.debug_weaknames)

.debug_funcnames
 *(.debug_funcnames)

.debug_typenames
 *(.debug_typenames)

.debug_varnames
 *(.debug_varnames)
LOAD /cygdrive/c/winIDEA/2007/gcc/arm/bin/../lib/gcc/arm-elf/4.0.2/../../../../arm-elf/lib/libm.a
LOAD /cygdrive/c/winIDEA/2007/gcc/arm/bin/../lib/gcc/arm-elf/4.0.2/libgcc.a
LOAD /cygdrive/c/winIDEA/2007/gcc/arm/bin/../lib/gcc/arm-elf/4.0.2/../../../../arm-elf/lib/libc.a
LOAD /cygdrive/c/winIDEA/2007/gcc/arm/bin/../lib/gcc/arm-elf/4.0.2/libgcc.a
OUTPUT(rezultat.elf elf32-littlearm)
