Archive member included because of file (symbol)

/cygdrive/c/winIDEA/2007/gcc/arm/bin/../lib/gcc/arm-elf/4.0.2/libgcc.a(_divsi3.o)
                              Z:\vs\Harvard_Tseng\uart\interrupt\gpio.o (__divsi3)
/cygdrive/c/winIDEA/2007/gcc/arm/bin/../lib/gcc/arm-elf/4.0.2/libgcc.a(_dvmd_tls.o)
                              /cygdrive/c/winIDEA/2007/gcc/arm/bin/../lib/gcc/arm-elf/4.0.2/libgcc.a(_divsi3.o) (__div0)

Allocating common symbols
Common symbol       size              file

i2c1_buf            0x4               Z:\vs\Harvard_Tseng\uart\interrupt\i2c.o
i2c0_num_of_bytes   0x4               Z:\vs\Harvard_Tseng\uart\interrupt\i2c.o
i2c0_rxslv_end      0x4               Z:\vs\Harvard_Tseng\uart\interrupt\i2c.o
i2c1_rxslv_end      0x4               Z:\vs\Harvard_Tseng\uart\interrupt\i2c.o
i2c0_status         0x4               Z:\vs\Harvard_Tseng\uart\interrupt\i2c.o
i2c0_rxslv_begin    0x4               Z:\vs\Harvard_Tseng\uart\interrupt\i2c.o
i2c0_buf            0x4               Z:\vs\Harvard_Tseng\uart\interrupt\i2c.o
i2c1_status         0x4               Z:\vs\Harvard_Tseng\uart\interrupt\i2c.o
i2c0_rxslv          0x14              Z:\vs\Harvard_Tseng\uart\interrupt\i2c.o
i2c1_txslv          0x4               Z:\vs\Harvard_Tseng\uart\interrupt\i2c.o
i2c1_address_rw     0x4               Z:\vs\Harvard_Tseng\uart\interrupt\i2c.o
i2c1_num_of_bytes   0x4               Z:\vs\Harvard_Tseng\uart\interrupt\i2c.o
sch_tst             0x4               Z:\vs\Harvard_Tseng\uart\interrupt\rtos.o
i2c1_rxslv          0x14              Z:\vs\Harvard_Tseng\uart\interrupt\i2c.o
slice_quantum       0x4               Z:\vs\Harvard_Tseng\uart\interrupt\rtos.o
i2c0_address_rw     0x4               Z:\vs\Harvard_Tseng\uart\interrupt\i2c.o
i2c1_rxslv_begin    0x4               Z:\vs\Harvard_Tseng\uart\interrupt\i2c.o
sch_idx             0x4               Z:\vs\Harvard_Tseng\uart\interrupt\rtos.o
i2c0_txslv          0x4               Z:\vs\Harvard_Tseng\uart\interrupt\i2c.o

Memory Configuration

Name             Origin             Length             Attributes
code             0x00000000         0x0007d000         xr
data             0x40000040         0x00007fc0         rw
*default*        0x00000000         0xffffffff

Linker script and memory map

LOAD Z:\vs\Harvard_Tseng\uart\interrupt\crt0.o
LOAD Z:\vs\Harvard_Tseng\uart\interrupt\startup.o
LOAD Z:\vs\Harvard_Tseng\uart\interrupt\interrupts.o
LOAD Z:\vs\Harvard_Tseng\uart\interrupt\main.o
LOAD Z:\vs\Harvard_Tseng\uart\interrupt\vpbdiv.o
LOAD Z:\vs\Harvard_Tseng\uart\interrupt\extint.o
LOAD Z:\vs\Harvard_Tseng\uart\interrupt\gpio.o
LOAD Z:\vs\Harvard_Tseng\uart\interrupt\init.o
LOAD Z:\vs\Harvard_Tseng\uart\interrupt\mam.o
LOAD Z:\vs\Harvard_Tseng\uart\interrupt\pll.o
LOAD Z:\vs\Harvard_Tseng\uart\interrupt\timer.o
LOAD Z:\vs\Harvard_Tseng\uart\interrupt\vic.o
LOAD Z:\vs\Harvard_Tseng\uart\interrupt\rtos_tasks.o
LOAD Z:\vs\Harvard_Tseng\uart\interrupt\rtos.o
LOAD Z:\vs\Harvard_Tseng\uart\interrupt\i2c.o
LOAD Z:\vs\Harvard_Tseng\uart\interrupt\uart.o
LOAD Z:\vs\Harvard_Tseng\uart\interrupt\uart1_ISR.o

.text           0x00000000      0x140
 *crt0.o(.text)
 .text          0x00000000      0x140 Z:\vs\Harvard_Tseng\uart\interrupt\crt0.o
                0x00000140                . = ALIGN (0x4)

.rodata         0x00000140      0x134
 *(.rodata)
 .rodata        0x00000140       0x80 Z:\vs\Harvard_Tseng\uart\interrupt\startup.o
 .rodata        0x000001c0       0x10 Z:\vs\Harvard_Tseng\uart\interrupt\gpio.o
 .rodata        0x000001d0       0x90 Z:\vs\Harvard_Tseng\uart\interrupt\rtos.o
 .rodata        0x00000260       0x14 Z:\vs\Harvard_Tseng\uart\interrupt\uart1_ISR.o
                0x00000274                . = ALIGN (0x4)
                0x00000274                _etext = .
                0x00000274                PROVIDE (etext, .)
                0x00000274                _codesrc = .

.code           0x40000040     0x3884 load address 0x00000274
                0x40000040                _code = .
 *interrupts.o(.text)
 .text          0x40000040       0xa8 Z:\vs\Harvard_Tseng\uart\interrupt\interrupts.o
                0x40000054                swi
                0x400000c4                fiq
                0x4000007c                data_abt
                0x40000090                irq
                0x40000040                und
                0x40000068                pref_abt
 *(.text)
 .text          0x400000e8      0x174 Z:\vs\Harvard_Tseng\uart\interrupt\startup.o
                0x400000e8                start_up
 .text          0x4000025c       0x10 Z:\vs\Harvard_Tseng\uart\interrupt\main.o
                0x4000025c                main
 .text          0x4000026c       0x2c Z:\vs\Harvard_Tseng\uart\interrupt\vpbdiv.o
                0x4000026c                set_vpbdiv
 .text          0x40000298      0x238 Z:\vs\Harvard_Tseng\uart\interrupt\extint.o
                0x40000298                extint_init
 .text          0x400004d0      0x80c Z:\vs\Harvard_Tseng\uart\interrupt\gpio.o
                0x400006ac                get_pin_value
                0x400009dc                lcd_write_low
                0x4000087c                busy
                0x40000720                wait
                0x400006f8                get_keys
                0x40000ad4                lcd_init
                0x400004d0                set_pin_direction
                0x4000064c                set_pin_value
                0x40000a74                lcd_write_comm
                0x40000a44                lcd_write_half_comm
                0x40000a9c                lcd_write_data
                0x40000968                lcd_write_high
                0x40000770                lcd_get_cursor
 .text          0x40000cdc       0xa8 Z:\vs\Harvard_Tseng\uart\interrupt\init.o
                0x40000cdc                init
 .text          0x40000d84      0x134 Z:\vs\Harvard_Tseng\uart\interrupt\mam.o
                0x40000d84                mam_init
 .text          0x40000eb8      0x20c Z:\vs\Harvard_Tseng\uart\interrupt\pll.o
                0x40000eb8                pll_feed
                0x40000ee4                pll_init
 .text          0x400010c4      0x694 Z:\vs\Harvard_Tseng\uart\interrupt\timer.o
                0x40001488                timer1_init
                0x400010c4                timer0_init
 .text          0x40001758      0x928 Z:\vs\Harvard_Tseng\uart\interrupt\vic.o
                0x40001758                vic_init
 .text          0x40002080      0x134 Z:\vs\Harvard_Tseng\uart\interrupt\rtos_tasks.o
                0x40002090                lcd_driver
                0x40002080                empty_task
 .text          0x400021b4      0x380 Z:\vs\Harvard_Tseng\uart\interrupt\rtos.o
                0x400024ec                sch_syn
                0x4000235c                sch_on
                0x400021b4                enable_irq
                0x400021fc                sch_int
                0x400021d8                disable_irq
 .text          0x40002534      0xca8 Z:\vs\Harvard_Tseng\uart\interrupt\i2c.o
                0x400027ac                handle_i2c0_state
                0x40002cc4                handle_i2c1_state
                0x40002670                i2c1_init
                0x40002534                i2c0_init
 .text          0x400031dc      0x364 Z:\vs\Harvard_Tseng\uart\interrupt\uart.o
                0x40003374                uart1_init
                0x400031dc                uart0_init
 .text          0x40003540      0x240 Z:\vs\Harvard_Tseng\uart\interrupt\uart1_ISR.o
                0x40003540                uart1_ISR
                0x400036cc                str2lcd
 .text          0x40003780      0x140 /cygdrive/c/winIDEA/2007/gcc/arm/bin/../lib/gcc/arm-elf/4.0.2/libgcc.a(_divsi3.o)
                0x40003780                __divsi3
                0x400038a8                __aeabi_idivmod
 .text          0x400038c0        0x4 /cygdrive/c/winIDEA/2007/gcc/arm/bin/../lib/gcc/arm-elf/4.0.2/libgcc.a(_dvmd_tls.o)
                0x400038c0                __aeabi_ldiv0
                0x400038c0                __div0
                0x400038c0                __aeabi_idiv0
 *(.glue_7t)
 *(.glue_7)
                0x400038c4                . = ALIGN (0x4)
                0x400038c4                _ecode = .
                0x00003af8                _datasrc = (_etext + SIZEOF (.code))

.data           0x400038c4       0x34 load address 0x00003af8
                0x400038c4                _data = .
 *(.data)
 .data          0x400038c4       0x34 Z:\vs\Harvard_Tseng\uart\interrupt\rtos_tasks.o
                0x400038c4                priv_task
                0x400038d0                lcd_buff
                0x400038c8                sch_tab
                0x400038f4                lcd_string
                0x400038cc                sch_tab_size
                0x400038f8                . = ALIGN (0x4)
                0x400038f8                _edata = .
                0x400038f8                PROVIDE (edata, .)

.bss            0x400038f8       0x8c
                0x400038f8                _bss = .
 *(.bss)
 .bss           0x400038f8       0x18 Z:\vs\Harvard_Tseng\uart\interrupt\i2c.o
 .bss           0x40003910        0x8 Z:\vs\Harvard_Tseng\uart\interrupt\uart1_ISR.o
                0x40003914                num
                0x40003910                toggle
 *(COMMON)
 COMMON         0x40003918        0xc Z:\vs\Harvard_Tseng\uart\interrupt\rtos.o
                0x40003918                sch_tst
                0x4000391c                slice_quantum
                0x40003920                sch_idx
 COMMON         0x40003924       0x60 Z:\vs\Harvard_Tseng\uart\interrupt\i2c.o
                0x40003924                i2c1_buf
                0x40003928                i2c0_num_of_bytes
                0x4000392c                i2c0_rxslv_end
                0x40003930                i2c1_rxslv_end
                0x40003934                i2c0_status
                0x40003938                i2c0_rxslv_begin
                0x4000393c                i2c0_buf
                0x40003940                i2c1_status
                0x40003944                i2c0_rxslv
                0x40003958                i2c1_txslv
                0x4000395c                i2c1_address_rw
                0x40003960                i2c1_num_of_bytes
                0x40003964                i2c1_rxslv
                0x40003978                i2c0_address_rw
                0x4000397c                i2c1_rxslv_begin
                0x40003980                i2c0_txslv
                0x40003984                . = ALIGN (0x4)
                0x40003984                _ebss = .
                0x40003984                _end = .
                0x40003984                PROVIDE (end, .)

.stab
 *(.stab)

.stabstr
 *(.stabstr)

.stab.excl
 *(.stab.excl)

.stab.exclstr
 *(.stab.exclstr)

.stab.index
 *(.stab.index)

.stab.indexstr
 *(.stab.indexstr)

.comment        0x00000000      0x120
 *(.comment)
 .comment       0x00000000       0x12 Z:\vs\Harvard_Tseng\uart\interrupt\startup.o
 .comment       0x00000012       0x12 Z:\vs\Harvard_Tseng\uart\interrupt\interrupts.o
 .comment       0x00000024       0x12 Z:\vs\Harvard_Tseng\uart\interrupt\main.o
 .comment       0x00000036       0x12 Z:\vs\Harvard_Tseng\uart\interrupt\vpbdiv.o
 .comment       0x00000048       0x12 Z:\vs\Harvard_Tseng\uart\interrupt\extint.o
 .comment       0x0000005a       0x12 Z:\vs\Harvard_Tseng\uart\interrupt\gpio.o
 .comment       0x0000006c       0x12 Z:\vs\Harvard_Tseng\uart\interrupt\init.o
 .comment       0x0000007e       0x12 Z:\vs\Harvard_Tseng\uart\interrupt\mam.o
 .comment       0x00000090       0x12 Z:\vs\Harvard_Tseng\uart\interrupt\pll.o
 .comment       0x000000a2       0x12 Z:\vs\Harvard_Tseng\uart\interrupt\timer.o
 .comment       0x000000b4       0x12 Z:\vs\Harvard_Tseng\uart\interrupt\vic.o
 .comment       0x000000c6       0x12 Z:\vs\Harvard_Tseng\uart\interrupt\rtos_tasks.o
 .comment       0x000000d8       0x12 Z:\vs\Harvard_Tseng\uart\interrupt\rtos.o
 .comment       0x000000ea       0x12 Z:\vs\Harvard_Tseng\uart\interrupt\i2c.o
 .comment       0x000000fc       0x12 Z:\vs\Harvard_Tseng\uart\interrupt\uart.o
 .comment       0x0000010e       0x12 Z:\vs\Harvard_Tseng\uart\interrupt\uart1_ISR.o

.debug
 *(.debug)

.line
 *(.line)

.debug_srcinfo
 *(.debug_srcinfo)

.debug_sfnames
 *(.debug_sfnames)

.debug_aranges  0x00000000      0x220
 *(.debug_aranges)
 .debug_aranges
                0x00000000       0x20 Z:\vs\Harvard_Tseng\uart\interrupt\crt0.o
 .debug_aranges
                0x00000020       0x20 Z:\vs\Harvard_Tseng\uart\interrupt\startup.o
 .debug_aranges
                0x00000040       0x20 Z:\vs\Harvard_Tseng\uart\interrupt\interrupts.o
 .debug_aranges
                0x00000060       0x20 Z:\vs\Harvard_Tseng\uart\interrupt\main.o
 .debug_aranges
                0x00000080       0x20 Z:\vs\Harvard_Tseng\uart\interrupt\vpbdiv.o
 .debug_aranges
                0x000000a0       0x20 Z:\vs\Harvard_Tseng\uart\interrupt\extint.o
 .debug_aranges
                0x000000c0       0x20 Z:\vs\Harvard_Tseng\uart\interrupt\gpio.o
 .debug_aranges
                0x000000e0       0x20 Z:\vs\Harvard_Tseng\uart\interrupt\init.o
 .debug_aranges
                0x00000100       0x20 Z:\vs\Harvard_Tseng\uart\interrupt\mam.o
 .debug_aranges
                0x00000120       0x20 Z:\vs\Harvard_Tseng\uart\interrupt\pll.o
 .debug_aranges
                0x00000140       0x20 Z:\vs\Harvard_Tseng\uart\interrupt\timer.o
 .debug_aranges
                0x00000160       0x20 Z:\vs\Harvard_Tseng\uart\interrupt\vic.o
 .debug_aranges
                0x00000180       0x20 Z:\vs\Harvard_Tseng\uart\interrupt\rtos_tasks.o
 .debug_aranges
                0x000001a0       0x20 Z:\vs\Harvard_Tseng\uart\interrupt\rtos.o
 .debug_aranges
                0x000001c0       0x20 Z:\vs\Harvard_Tseng\uart\interrupt\i2c.o
 .debug_aranges
                0x000001e0       0x20 Z:\vs\Harvard_Tseng\uart\interrupt\uart.o
 .debug_aranges
                0x00000200       0x20 Z:\vs\Harvard_Tseng\uart\interrupt\uart1_ISR.o

.debug_pubnames
                0x00000000      0x546
 *(.debug_pubnames)
 .debug_pubnames
                0x00000000       0x1f Z:\vs\Harvard_Tseng\uart\interrupt\startup.o
 .debug_pubnames
                0x0000001f       0x4c Z:\vs\Harvard_Tseng\uart\interrupt\interrupts.o
 .debug_pubnames
                0x0000006b       0x1b Z:\vs\Harvard_Tseng\uart\interrupt\main.o
 .debug_pubnames
                0x00000086       0x21 Z:\vs\Harvard_Tseng\uart\interrupt\vpbdiv.o
 .debug_pubnames
                0x000000a7       0x22 Z:\vs\Harvard_Tseng\uart\interrupt\extint.o
 .debug_pubnames
                0x000000c9       0xee Z:\vs\Harvard_Tseng\uart\interrupt\gpio.o
 .debug_pubnames
                0x000001b7       0x1b Z:\vs\Harvard_Tseng\uart\interrupt\init.o
 .debug_pubnames
                0x000001d2       0x1f Z:\vs\Harvard_Tseng\uart\interrupt\mam.o
 .debug_pubnames
                0x000001f1       0x2c Z:\vs\Harvard_Tseng\uart\interrupt\pll.o
 .debug_pubnames
                0x0000021d       0x32 Z:\vs\Harvard_Tseng\uart\interrupt\timer.o
 .debug_pubnames
                0x0000024f       0x1f Z:\vs\Harvard_Tseng\uart\interrupt\vic.o
 .debug_pubnames
                0x0000026e       0x77 Z:\vs\Harvard_Tseng\uart\interrupt\rtos_tasks.o
 .debug_pubnames
                0x000002e5       0x7e Z:\vs\Harvard_Tseng\uart\interrupt\rtos.o
 .debug_pubnames
                0x00000363      0x174 Z:\vs\Harvard_Tseng\uart\interrupt\i2c.o
 .debug_pubnames
                0x000004d7       0x30 Z:\vs\Harvard_Tseng\uart\interrupt\uart.o
 .debug_pubnames
                0x00000507       0x3f Z:\vs\Harvard_Tseng\uart\interrupt\uart1_ISR.o

.debug_info     0x00000000     0x1e61
 *(.debug_info .gnu.linkonce.wi.*)
 .debug_info    0x00000000       0x7a Z:\vs\Harvard_Tseng\uart\interrupt\crt0.o
 .debug_info    0x0000007a      0x219 Z:\vs\Harvard_Tseng\uart\interrupt\startup.o
 .debug_info    0x00000293      0x172 Z:\vs\Harvard_Tseng\uart\interrupt\interrupts.o
 .debug_info    0x00000405       0x9a Z:\vs\Harvard_Tseng\uart\interrupt\main.o
 .debug_info    0x0000049f      0x126 Z:\vs\Harvard_Tseng\uart\interrupt\vpbdiv.o
 .debug_info    0x000005c5      0x15c Z:\vs\Harvard_Tseng\uart\interrupt\extint.o
 .debug_info    0x00000721      0x3eb Z:\vs\Harvard_Tseng\uart\interrupt\gpio.o
 .debug_info    0x00000b0c      0x17b Z:\vs\Harvard_Tseng\uart\interrupt\init.o
 .debug_info    0x00000c87      0x127 Z:\vs\Harvard_Tseng\uart\interrupt\mam.o
 .debug_info    0x00000dae      0x13e Z:\vs\Harvard_Tseng\uart\interrupt\pll.o
 .debug_info    0x00000eec      0x1d6 Z:\vs\Harvard_Tseng\uart\interrupt\timer.o
 .debug_info    0x000010c2      0x1a8 Z:\vs\Harvard_Tseng\uart\interrupt\vic.o
 .debug_info    0x0000126a      0x1b3 Z:\vs\Harvard_Tseng\uart\interrupt\rtos_tasks.o
 .debug_info    0x0000141d      0x26c Z:\vs\Harvard_Tseng\uart\interrupt\rtos.o
 .debug_info    0x00001689      0x4c1 Z:\vs\Harvard_Tseng\uart\interrupt\i2c.o
 .debug_info    0x00001b4a      0x1bb Z:\vs\Harvard_Tseng\uart\interrupt\uart.o
 .debug_info    0x00001d05      0x15c Z:\vs\Harvard_Tseng\uart\interrupt\uart1_ISR.o

.debug_abbrev   0x00000000      0x728
 *(.debug_abbrev)
 .debug_abbrev  0x00000000       0x14 Z:\vs\Harvard_Tseng\uart\interrupt\crt0.o
 .debug_abbrev  0x00000014       0x7e Z:\vs\Harvard_Tseng\uart\interrupt\startup.o
 .debug_abbrev  0x00000092       0x29 Z:\vs\Harvard_Tseng\uart\interrupt\interrupts.o
 .debug_abbrev  0x000000bb       0x34 Z:\vs\Harvard_Tseng\uart\interrupt\main.o
 .debug_abbrev  0x000000ef       0x45 Z:\vs\Harvard_Tseng\uart\interrupt\vpbdiv.o
 .debug_abbrev  0x00000134       0x45 Z:\vs\Harvard_Tseng\uart\interrupt\extint.o
 .debug_abbrev  0x00000179       0xc9 Z:\vs\Harvard_Tseng\uart\interrupt\gpio.o
 .debug_abbrev  0x00000242       0x54 Z:\vs\Harvard_Tseng\uart\interrupt\init.o
 .debug_abbrev  0x00000296       0x45 Z:\vs\Harvard_Tseng\uart\interrupt\mam.o
 .debug_abbrev  0x000002db       0x58 Z:\vs\Harvard_Tseng\uart\interrupt\pll.o
 .debug_abbrev  0x00000333       0x72 Z:\vs\Harvard_Tseng\uart\interrupt\timer.o
 .debug_abbrev  0x000003a5       0x76 Z:\vs\Harvard_Tseng\uart\interrupt\vic.o
 .debug_abbrev  0x0000041b       0x9b Z:\vs\Harvard_Tseng\uart\interrupt\rtos_tasks.o
 .debug_abbrev  0x000004b6       0xc2 Z:\vs\Harvard_Tseng\uart\interrupt\rtos.o
 .debug_abbrev  0x00000578       0xa4 Z:\vs\Harvard_Tseng\uart\interrupt\i2c.o
 .debug_abbrev  0x0000061c       0x78 Z:\vs\Harvard_Tseng\uart\interrupt\uart.o
 .debug_abbrev  0x00000694       0x94 Z:\vs\Harvard_Tseng\uart\interrupt\uart1_ISR.o

.debug_line     0x00000000      0xc1d
 *(.debug_line)
 .debug_line    0x00000000       0x88 Z:\vs\Harvard_Tseng\uart\interrupt\crt0.o
 .debug_line    0x00000088       0xa0 Z:\vs\Harvard_Tseng\uart\interrupt\startup.o
 .debug_line    0x00000128       0xa1 Z:\vs\Harvard_Tseng\uart\interrupt\interrupts.o
 .debug_line    0x000001c9       0x55 Z:\vs\Harvard_Tseng\uart\interrupt\main.o
 .debug_line    0x0000021e       0x92 Z:\vs\Harvard_Tseng\uart\interrupt\vpbdiv.o
 .debug_line    0x000002b0       0xa9 Z:\vs\Harvard_Tseng\uart\interrupt\extint.o
 .debug_line    0x00000359      0x102 Z:\vs\Harvard_Tseng\uart\interrupt\gpio.o
 .debug_line    0x0000045b       0x9b Z:\vs\Harvard_Tseng\uart\interrupt\init.o
 .debug_line    0x000004f6       0x96 Z:\vs\Harvard_Tseng\uart\interrupt\mam.o
 .debug_line    0x0000058c       0xab Z:\vs\Harvard_Tseng\uart\interrupt\pll.o
 .debug_line    0x00000637       0xdb Z:\vs\Harvard_Tseng\uart\interrupt\timer.o
 .debug_line    0x00000712      0x15b Z:\vs\Harvard_Tseng\uart\interrupt\vic.o
 .debug_line    0x0000086d       0x9d Z:\vs\Harvard_Tseng\uart\interrupt\rtos_tasks.o
 .debug_line    0x0000090a       0xc5 Z:\vs\Harvard_Tseng\uart\interrupt\rtos.o
 .debug_line    0x000009cf      0x126 Z:\vs\Harvard_Tseng\uart\interrupt\i2c.o
 .debug_line    0x00000af5       0x7c Z:\vs\Harvard_Tseng\uart\interrupt\uart.o
 .debug_line    0x00000b71       0xac Z:\vs\Harvard_Tseng\uart\interrupt\uart1_ISR.o

.debug_frame    0x00000000      0x6ac
 *(.debug_frame)
 .debug_frame   0x00000000       0x30 Z:\vs\Harvard_Tseng\uart\interrupt\startup.o
 .debug_frame   0x00000030       0xdc Z:\vs\Harvard_Tseng\uart\interrupt\interrupts.o
 .debug_frame   0x0000010c       0x30 Z:\vs\Harvard_Tseng\uart\interrupt\main.o
 .debug_frame   0x0000013c       0x30 Z:\vs\Harvard_Tseng\uart\interrupt\vpbdiv.o
 .debug_frame   0x0000016c       0x30 Z:\vs\Harvard_Tseng\uart\interrupt\extint.o
 .debug_frame   0x0000019c      0x1b0 Z:\vs\Harvard_Tseng\uart\interrupt\gpio.o
 .debug_frame   0x0000034c       0x30 Z:\vs\Harvard_Tseng\uart\interrupt\init.o
 .debug_frame   0x0000037c       0x30 Z:\vs\Harvard_Tseng\uart\interrupt\mam.o
 .debug_frame   0x000003ac       0x50 Z:\vs\Harvard_Tseng\uart\interrupt\pll.o
 .debug_frame   0x000003fc       0x50 Z:\vs\Harvard_Tseng\uart\interrupt\timer.o
 .debug_frame   0x0000044c       0x30 Z:\vs\Harvard_Tseng\uart\interrupt\vic.o
 .debug_frame   0x0000047c       0x50 Z:\vs\Harvard_Tseng\uart\interrupt\rtos_tasks.o
 .debug_frame   0x000004cc       0xb0 Z:\vs\Harvard_Tseng\uart\interrupt\rtos.o
 .debug_frame   0x0000057c       0x90 Z:\vs\Harvard_Tseng\uart\interrupt\i2c.o
 .debug_frame   0x0000060c       0x50 Z:\vs\Harvard_Tseng\uart\interrupt\uart.o
 .debug_frame   0x0000065c       0x50 Z:\vs\Harvard_Tseng\uart\interrupt\uart1_ISR.o

.debug_str      0x00000000       0x5a
 *(.debug_str)
 .debug_str     0x00000000        0x9 Z:\vs\Harvard_Tseng\uart\interrupt\timer.o
 .debug_str     0x00000009       0x1b Z:\vs\Harvard_Tseng\uart\interrupt\i2c.o
 .debug_str     0x00000024       0x36 Z:\vs\Harvard_Tseng\uart\interrupt\uart.o

.debug_loc
 *(.debug_loc)

.debug_macinfo
 *(.debug_macinfo)

.debug_weaknames
 *(.debug_weaknames)

.debug_funcnames
 *(.debug_funcnames)

.debug_typenames
 *(.debug_typenames)

.debug_varnames
 *(.debug_varnames)
LOAD /cygdrive/c/winIDEA/2007/gcc/arm/bin/../lib/gcc/arm-elf/4.0.2/../../../../arm-elf/lib/libm.a
LOAD /cygdrive/c/winIDEA/2007/gcc/arm/bin/../lib/gcc/arm-elf/4.0.2/libgcc.a
LOAD /cygdrive/c/winIDEA/2007/gcc/arm/bin/../lib/gcc/arm-elf/4.0.2/../../../../arm-elf/lib/libc.a
LOAD /cygdrive/c/winIDEA/2007/gcc/arm/bin/../lib/gcc/arm-elf/4.0.2/libgcc.a
OUTPUT(rezultat.elf elf32-littlearm)
